Cannot find resource 'human' with ID '0194fdc2-fa2f-fcc0-41d3-ff12045b73c8'
