List all your humans.

USAGE:
  scw [global-flags] test human list [flags] [args]

ARGS:
  [order-by=created_at_asc]    (created_at_asc | created_at_desc | updated_at_asc | updated_at_desc | height_asc | height_desc)

FLAGS:
  -h, --help   help for list

GLOBAL FLAGS:
      --access-key string        Scaleway access key
  -D, --debug                    Enable debug mode
      --organization-id string   Scaleway organization ID
  -o, --output PrinterType       Output format: json or human
  -p, --profile string           The config profile to use
  -r, --region string            The Scaleway region
      --secret-key string        Scaleway secret key
  -z, --zone string              The Scaleway zone
