Update the human associated with the given id.

USAGE:
  scw [global-flags] test human update [flags] [args]

ARGS:
  [human-id]                 
  [height]                   
  [shoe-size]                
  [altitude-in-meter]        
  [altitude-in-millimeter]   
  [fingers-count]            
  [hair-count]               
  [is-happy]                 
  [eyes-color=unknown]        (unknown | amber | blue | brown | gray | green | hazel | red | violet)

FLAGS:
  -h, --help   help for update

GLOBAL FLAGS:
      --access-key string        Scaleway access key
  -D, --debug                    Enable debug mode
      --organization-id string   Scaleway organization ID
  -o, --output PrinterType       Output format: json or human
  -p, --profile string           The config profile to use
  -r, --region string            The Scaleway region
      --secret-key string        Scaleway secret key
  -z, --zone string              The Scaleway zone
