Transient state error for resource 'human'

Details:
resource human with ID 0194fdc2-fa2f-fcc0-41d3-ff12045b73c8 is in a transient state 'running'
