Get the human details associated with the given id.

USAGE:
  scw [global-flags] test human get [flags] [args]

ARGS:
  [human-id]   

FLAGS:
  -h, --help   help for get

GLOBAL FLAGS:
      --access-key string        Scaleway access key
  -D, --debug                    Enable debug mode
      --organization-id string   Scaleway organization ID
  -o, --output PrinterType       Output format: json or human
  -p, --profile string           The config profile to use
  -r, --region string            The Scaleway region
      --secret-key string        Scaleway secret key
  -z, --zone string              The Scaleway zone
