Resource out of stock 'ShoeSize60'

Hint:
Try again later :-)
