No Auth Service for end-to-end testing

USAGE:
  scw [global-flags] test <command> [flags]

AVAILABLE COMMANDS:
  human       

FLAGS:
  -h, --help   help for test

GLOBAL FLAGS:
      --access-key string        Scaleway access key
  -D, --debug                    Enable debug mode
      --organization-id string   Scaleway organization ID
  -o, --output PrinterType       Output format: json or human
  -p, --profile string           The config profile to use
  -r, --region string            The Scaleway region
      --secret-key string        Scaleway secret key
  -z, --zone string              The Scaleway zone

Use "scw test [command] --help" for more information about a command.
